FAIL: 0
WARN: 8
SKIP: 4
PASS: 273
