Rscript.exe : Error: unexpected input in "∩╗┐"
At line:1 char:349
+ ... oding utf8; & "C:\Program Files\R\R-4.3.2\bin\Rscript.exe" --vanilla  ...
+                 ~~~~~~~~~~~~~~~~~~~~~~~~~~~~~~~~~~~~~~~~~~~~~~~~~~~~~~~~~
    + CategoryInfo          : NotSpecified: (Error: unexpected input in "∩╗┐": 
   String) [], RemoteException
    + FullyQualifiedErrorId : NativeCommandError
 
Execution halted
